Archive member included to satisfy reference by file (symbol)

d:/archivos de programa/microchip/xc8/v2.32/avr/bin/../lib/gcc/avr/5.4.0/../../../../avr/lib/avr5/memx-const\libm.a(floatsisf.o)
                              main.o (__floatunsisf)
d:/archivos de programa/microchip/xc8/v2.32/avr/bin/../lib/gcc/avr/5.4.0/../../../../avr/lib/avr5/memx-const\libm.a(gesf2.o)
                              main.o (__gtsf2)
d:/archivos de programa/microchip/xc8/v2.32/avr/bin/../lib/gcc/avr/5.4.0/../../../../avr/lib/avr5/memx-const\libm.a(mulsf3.o)
                              main.o (__mulsf3)
d:/archivos de programa/microchip/xc8/v2.32/avr/bin/../lib/gcc/avr/5.4.0/../../../../avr/lib/avr5/memx-const\libm.a(mulsf3x.o)
                              d:/archivos de programa/microchip/xc8/v2.32/avr/bin/../lib/gcc/avr/5.4.0/../../../../avr/lib/avr5/memx-const\libm.a(mulsf3.o) (__mulsf3x)
d:/archivos de programa/microchip/xc8/v2.32/avr/bin/../lib/gcc/avr/5.4.0/../../../../avr/lib/avr5/memx-const\libm.a(fp_cmp.o)
                              d:/archivos de programa/microchip/xc8/v2.32/avr/bin/../lib/gcc/avr/5.4.0/../../../../avr/lib/avr5/memx-const\libm.a(gesf2.o) (__fp_cmp)
d:/archivos de programa/microchip/xc8/v2.32/avr/bin/../lib/gcc/avr/5.4.0/../../../../avr/lib/avr5/memx-const\libm.a(fp_inf.o)
                              d:/archivos de programa/microchip/xc8/v2.32/avr/bin/../lib/gcc/avr/5.4.0/../../../../avr/lib/avr5/memx-const\libm.a(mulsf3x.o) (__fp_inf)
d:/archivos de programa/microchip/xc8/v2.32/avr/bin/../lib/gcc/avr/5.4.0/../../../../avr/lib/avr5/memx-const\libm.a(fp_nan.o)
                              d:/archivos de programa/microchip/xc8/v2.32/avr/bin/../lib/gcc/avr/5.4.0/../../../../avr/lib/avr5/memx-const\libm.a(mulsf3x.o) (__fp_nan)
d:/archivos de programa/microchip/xc8/v2.32/avr/bin/../lib/gcc/avr/5.4.0/../../../../avr/lib/avr5/memx-const\libm.a(fp_pscA.o)
                              d:/archivos de programa/microchip/xc8/v2.32/avr/bin/../lib/gcc/avr/5.4.0/../../../../avr/lib/avr5/memx-const\libm.a(mulsf3x.o) (__fp_pscA)
d:/archivos de programa/microchip/xc8/v2.32/avr/bin/../lib/gcc/avr/5.4.0/../../../../avr/lib/avr5/memx-const\libm.a(fp_pscB.o)
                              d:/archivos de programa/microchip/xc8/v2.32/avr/bin/../lib/gcc/avr/5.4.0/../../../../avr/lib/avr5/memx-const\libm.a(mulsf3x.o) (__fp_pscB)
d:/archivos de programa/microchip/xc8/v2.32/avr/bin/../lib/gcc/avr/5.4.0/../../../../avr/lib/avr5/memx-const\libm.a(fp_round.o)
                              d:/archivos de programa/microchip/xc8/v2.32/avr/bin/../lib/gcc/avr/5.4.0/../../../../avr/lib/avr5/memx-const\libm.a(mulsf3.o) (__fp_round)
d:/archivos de programa/microchip/xc8/v2.32/avr/bin/../lib/gcc/avr/5.4.0/../../../../avr/lib/avr5/memx-const\libm.a(fp_split3.o)
                              d:/archivos de programa/microchip/xc8/v2.32/avr/bin/../lib/gcc/avr/5.4.0/../../../../avr/lib/avr5/memx-const\libm.a(mulsf3x.o) (__fp_split3)
d:/archivos de programa/microchip/xc8/v2.32/avr/bin/../lib/gcc/avr/5.4.0/../../../../avr/lib/avr5/memx-const\libm.a(fp_zero.o)
                              d:/archivos de programa/microchip/xc8/v2.32/avr/bin/../lib/gcc/avr/5.4.0/../../../../avr/lib/avr5/memx-const\libm.a(mulsf3x.o) (__fp_szero)
d:/archivos de programa/microchip/xc8/v2.32/avr/bin/../lib/gcc/avr/5.4.0/../../../../avr/lib/avr5/memx-const\libprintf_flt.a(vfprintf_flt.o)
                              (vfprintf)
d:/archivos de programa/microchip/xc8/v2.32/avr/bin/../lib/gcc/avr/5.4.0/avr5/memx-const\libgcc.a(_exit.o)
                              D:/archivos de programa/Atmel/Studio/7.0/Packs/atmel/ATmega_DFP/1.6.364/xc8/avr/lib/avr5/memx-const/crtatmega328p.o (exit)
d:/archivos de programa/microchip/xc8/v2.32/avr/bin/../lib/gcc/avr/5.4.0/avr5/memx-const\libgcc.a(_copy_data.o)
                              main.o (__do_clear_bss)
d:/archivos de programa/microchip/xc8/v2.32/avr/bin/../lib/gcc/avr/5.4.0/avr5/memx-const\libgcc.a(_prologue.o)
                              d:/archivos de programa/microchip/xc8/v2.32/avr/bin/../lib/gcc/avr/5.4.0/../../../../avr/lib/avr5/memx-const\libprintf_flt.a(vfprintf_flt.o) (__prologue_saves__)
d:/archivos de programa/microchip/xc8/v2.32/avr/bin/../lib/gcc/avr/5.4.0/avr5/memx-const\libgcc.a(_epilogue.o)
                              d:/archivos de programa/microchip/xc8/v2.32/avr/bin/../lib/gcc/avr/5.4.0/../../../../avr/lib/avr5/memx-const\libprintf_flt.a(vfprintf_flt.o) (__epilogue_restores__)
d:/archivos de programa/microchip/xc8/v2.32/avr/bin/../lib/gcc/avr/5.4.0/../../../../avr/lib/avr5/memx-const\libc.a(ftoa_engine.o)
                              d:/archivos de programa/microchip/xc8/v2.32/avr/bin/../lib/gcc/avr/5.4.0/../../../../avr/lib/avr5/memx-const\libprintf_flt.a(vfprintf_flt.o) (__ftoa_engine)
d:/archivos de programa/microchip/xc8/v2.32/avr/bin/../lib/gcc/avr/5.4.0/../../../../avr/lib/avr5/memx-const\libc.a(strnlen_M.o)
                              d:/archivos de programa/microchip/xc8/v2.32/avr/bin/../lib/gcc/avr/5.4.0/../../../../avr/lib/avr5/memx-const\libprintf_flt.a(vfprintf_flt.o) (strnlen)
d:/archivos de programa/microchip/xc8/v2.32/avr/bin/../lib/gcc/avr/5.4.0/../../../../avr/lib/avr5/memx-const\libc.a(fputc.o)
                              d:/archivos de programa/microchip/xc8/v2.32/avr/bin/../lib/gcc/avr/5.4.0/../../../../avr/lib/avr5/memx-const\libprintf_flt.a(vfprintf_flt.o) (fputc)
d:/archivos de programa/microchip/xc8/v2.32/avr/bin/../lib/gcc/avr/5.4.0/../../../../avr/lib/avr5/memx-const\libc.a(sprintf.o)
                              main.o (sprintf)
d:/archivos de programa/microchip/xc8/v2.32/avr/bin/../lib/gcc/avr/5.4.0/../../../../avr/lib/avr5/memx-const\libc.a(ultoa_invert.o)
                              d:/archivos de programa/microchip/xc8/v2.32/avr/bin/../lib/gcc/avr/5.4.0/../../../../avr/lib/avr5/memx-const\libprintf_flt.a(vfprintf_flt.o) (__ultoa_invert)

Allocating common symbols
Common symbol       size              file

temp                0x4               main.o
data                0x2               main.o
txBuffer            0x32              main.o
volt                0x4               main.o
len                 0x2               main.o

Discarded input sections

 .data          0x0000000000000000        0x0 D:/archivos de programa/Atmel/Studio/7.0/Packs/atmel/ATmega_DFP/1.6.364/xc8/avr/lib/avr5/memx-const/crtatmega328p.o
 .bss           0x0000000000000000        0x0 D:/archivos de programa/Atmel/Studio/7.0/Packs/atmel/ATmega_DFP/1.6.364/xc8/avr/lib/avr5/memx-const/crtatmega328p.o
 .text          0x0000000000000000        0x0 main.o
 .data          0x0000000000000000        0x0 main.o
 .bss           0x0000000000000000        0x0 main.o
 .text          0x0000000000000000        0x0 UART.o
 .data          0x0000000000000000        0x0 UART.o
 .bss           0x0000000000000000        0x0 UART.o
 .text.UART_Receive
                0x0000000000000000        0xe UART.o
 .text          0x0000000000000000        0x0 d:/archivos de programa/microchip/xc8/v2.32/avr/bin/../lib/gcc/avr/5.4.0/../../../../avr/lib/avr5/memx-const\libm.a(floatsisf.o)
 .data          0x0000000000000000        0x0 d:/archivos de programa/microchip/xc8/v2.32/avr/bin/../lib/gcc/avr/5.4.0/../../../../avr/lib/avr5/memx-const\libm.a(floatsisf.o)
 .bss           0x0000000000000000        0x0 d:/archivos de programa/microchip/xc8/v2.32/avr/bin/../lib/gcc/avr/5.4.0/../../../../avr/lib/avr5/memx-const\libm.a(floatsisf.o)
 .stack.descriptors
                0x0000000000000000       0x34 d:/archivos de programa/microchip/xc8/v2.32/avr/bin/../lib/gcc/avr/5.4.0/../../../../avr/lib/avr5/memx-const\libm.a(floatsisf.o)
 .text          0x0000000000000000        0x0 d:/archivos de programa/microchip/xc8/v2.32/avr/bin/../lib/gcc/avr/5.4.0/../../../../avr/lib/avr5/memx-const\libm.a(gesf2.o)
 .data          0x0000000000000000        0x0 d:/archivos de programa/microchip/xc8/v2.32/avr/bin/../lib/gcc/avr/5.4.0/../../../../avr/lib/avr5/memx-const\libm.a(gesf2.o)
 .bss           0x0000000000000000        0x0 d:/archivos de programa/microchip/xc8/v2.32/avr/bin/../lib/gcc/avr/5.4.0/../../../../avr/lib/avr5/memx-const\libm.a(gesf2.o)
 .stack.descriptors
                0x0000000000000000       0x2a d:/archivos de programa/microchip/xc8/v2.32/avr/bin/../lib/gcc/avr/5.4.0/../../../../avr/lib/avr5/memx-const\libm.a(gesf2.o)
 .text          0x0000000000000000        0x0 d:/archivos de programa/microchip/xc8/v2.32/avr/bin/../lib/gcc/avr/5.4.0/../../../../avr/lib/avr5/memx-const\libm.a(mulsf3.o)
 .data          0x0000000000000000        0x0 d:/archivos de programa/microchip/xc8/v2.32/avr/bin/../lib/gcc/avr/5.4.0/../../../../avr/lib/avr5/memx-const\libm.a(mulsf3.o)
 .bss           0x0000000000000000        0x0 d:/archivos de programa/microchip/xc8/v2.32/avr/bin/../lib/gcc/avr/5.4.0/../../../../avr/lib/avr5/memx-const\libm.a(mulsf3.o)
 .stack.descriptors
                0x0000000000000000       0x16 d:/archivos de programa/microchip/xc8/v2.32/avr/bin/../lib/gcc/avr/5.4.0/../../../../avr/lib/avr5/memx-const\libm.a(mulsf3.o)
 .text          0x0000000000000000        0x0 d:/archivos de programa/microchip/xc8/v2.32/avr/bin/../lib/gcc/avr/5.4.0/../../../../avr/lib/avr5/memx-const\libm.a(mulsf3x.o)
 .data          0x0000000000000000        0x0 d:/archivos de programa/microchip/xc8/v2.32/avr/bin/../lib/gcc/avr/5.4.0/../../../../avr/lib/avr5/memx-const\libm.a(mulsf3x.o)
 .bss           0x0000000000000000        0x0 d:/archivos de programa/microchip/xc8/v2.32/avr/bin/../lib/gcc/avr/5.4.0/../../../../avr/lib/avr5/memx-const\libm.a(mulsf3x.o)
 .stack.descriptors
                0x0000000000000000       0x31 d:/archivos de programa/microchip/xc8/v2.32/avr/bin/../lib/gcc/avr/5.4.0/../../../../avr/lib/avr5/memx-const\libm.a(mulsf3x.o)
 .text          0x0000000000000000        0x0 d:/archivos de programa/microchip/xc8/v2.32/avr/bin/../lib/gcc/avr/5.4.0/../../../../avr/lib/avr5/memx-const\libm.a(fp_cmp.o)
 .data          0x0000000000000000        0x0 d:/archivos de programa/microchip/xc8/v2.32/avr/bin/../lib/gcc/avr/5.4.0/../../../../avr/lib/avr5/memx-const\libm.a(fp_cmp.o)
 .bss           0x0000000000000000        0x0 d:/archivos de programa/microchip/xc8/v2.32/avr/bin/../lib/gcc/avr/5.4.0/../../../../avr/lib/avr5/memx-const\libm.a(fp_cmp.o)
 .stack.descriptors
                0x0000000000000000       0x16 d:/archivos de programa/microchip/xc8/v2.32/avr/bin/../lib/gcc/avr/5.4.0/../../../../avr/lib/avr5/memx-const\libm.a(fp_cmp.o)
 .text          0x0000000000000000        0x0 d:/archivos de programa/microchip/xc8/v2.32/avr/bin/../lib/gcc/avr/5.4.0/../../../../avr/lib/avr5/memx-const\libm.a(fp_inf.o)
 .data          0x0000000000000000        0x0 d:/archivos de programa/microchip/xc8/v2.32/avr/bin/../lib/gcc/avr/5.4.0/../../../../avr/lib/avr5/memx-const\libm.a(fp_inf.o)
 .bss           0x0000000000000000        0x0 d:/archivos de programa/microchip/xc8/v2.32/avr/bin/../lib/gcc/avr/5.4.0/../../../../avr/lib/avr5/memx-const\libm.a(fp_inf.o)
 .stack.descriptors
                0x0000000000000000       0x16 d:/archivos de programa/microchip/xc8/v2.32/avr/bin/../lib/gcc/avr/5.4.0/../../../../avr/lib/avr5/memx-const\libm.a(fp_inf.o)
 .text          0x0000000000000000        0x0 d:/archivos de programa/microchip/xc8/v2.32/avr/bin/../lib/gcc/avr/5.4.0/../../../../avr/lib/avr5/memx-const\libm.a(fp_nan.o)
 .data          0x0000000000000000        0x0 d:/archivos de programa/microchip/xc8/v2.32/avr/bin/../lib/gcc/avr/5.4.0/../../../../avr/lib/avr5/memx-const\libm.a(fp_nan.o)
 .bss           0x0000000000000000        0x0 d:/archivos de programa/microchip/xc8/v2.32/avr/bin/../lib/gcc/avr/5.4.0/../../../../avr/lib/avr5/memx-const\libm.a(fp_nan.o)
 .stack.descriptors
                0x0000000000000000       0x16 d:/archivos de programa/microchip/xc8/v2.32/avr/bin/../lib/gcc/avr/5.4.0/../../../../avr/lib/avr5/memx-const\libm.a(fp_nan.o)
 .text          0x0000000000000000        0x0 d:/archivos de programa/microchip/xc8/v2.32/avr/bin/../lib/gcc/avr/5.4.0/../../../../avr/lib/avr5/memx-const\libm.a(fp_pscA.o)
 .data          0x0000000000000000        0x0 d:/archivos de programa/microchip/xc8/v2.32/avr/bin/../lib/gcc/avr/5.4.0/../../../../avr/lib/avr5/memx-const\libm.a(fp_pscA.o)
 .bss           0x0000000000000000        0x0 d:/archivos de programa/microchip/xc8/v2.32/avr/bin/../lib/gcc/avr/5.4.0/../../../../avr/lib/avr5/memx-const\libm.a(fp_pscA.o)
 .stack.descriptors
                0x0000000000000000       0x17 d:/archivos de programa/microchip/xc8/v2.32/avr/bin/../lib/gcc/avr/5.4.0/../../../../avr/lib/avr5/memx-const\libm.a(fp_pscA.o)
 .text          0x0000000000000000        0x0 d:/archivos de programa/microchip/xc8/v2.32/avr/bin/../lib/gcc/avr/5.4.0/../../../../avr/lib/avr5/memx-const\libm.a(fp_pscB.o)
 .data          0x0000000000000000        0x0 d:/archivos de programa/microchip/xc8/v2.32/avr/bin/../lib/gcc/avr/5.4.0/../../../../avr/lib/avr5/memx-const\libm.a(fp_pscB.o)
 .bss           0x0000000000000000        0x0 d:/archivos de programa/microchip/xc8/v2.32/avr/bin/../lib/gcc/avr/5.4.0/../../../../avr/lib/avr5/memx-const\libm.a(fp_pscB.o)
 .stack.descriptors
                0x0000000000000000       0x17 d:/archivos de programa/microchip/xc8/v2.32/avr/bin/../lib/gcc/avr/5.4.0/../../../../avr/lib/avr5/memx-const\libm.a(fp_pscB.o)
 .text          0x0000000000000000        0x0 d:/archivos de programa/microchip/xc8/v2.32/avr/bin/../lib/gcc/avr/5.4.0/../../../../avr/lib/avr5/memx-const\libm.a(fp_round.o)
 .data          0x0000000000000000        0x0 d:/archivos de programa/microchip/xc8/v2.32/avr/bin/../lib/gcc/avr/5.4.0/../../../../avr/lib/avr5/memx-const\libm.a(fp_round.o)
 .bss           0x0000000000000000        0x0 d:/archivos de programa/microchip/xc8/v2.32/avr/bin/../lib/gcc/avr/5.4.0/../../../../avr/lib/avr5/memx-const\libm.a(fp_round.o)
 .stack.descriptors
                0x0000000000000000       0x18 d:/archivos de programa/microchip/xc8/v2.32/avr/bin/../lib/gcc/avr/5.4.0/../../../../avr/lib/avr5/memx-const\libm.a(fp_round.o)
 .text          0x0000000000000000        0x0 d:/archivos de programa/microchip/xc8/v2.32/avr/bin/../lib/gcc/avr/5.4.0/../../../../avr/lib/avr5/memx-const\libm.a(fp_split3.o)
 .data          0x0000000000000000        0x0 d:/archivos de programa/microchip/xc8/v2.32/avr/bin/../lib/gcc/avr/5.4.0/../../../../avr/lib/avr5/memx-const\libm.a(fp_split3.o)
 .bss           0x0000000000000000        0x0 d:/archivos de programa/microchip/xc8/v2.32/avr/bin/../lib/gcc/avr/5.4.0/../../../../avr/lib/avr5/memx-const\libm.a(fp_split3.o)
 .stack.descriptors
                0x0000000000000000       0x32 d:/archivos de programa/microchip/xc8/v2.32/avr/bin/../lib/gcc/avr/5.4.0/../../../../avr/lib/avr5/memx-const\libm.a(fp_split3.o)
 .text          0x0000000000000000        0x0 d:/archivos de programa/microchip/xc8/v2.32/avr/bin/../lib/gcc/avr/5.4.0/../../../../avr/lib/avr5/memx-const\libm.a(fp_zero.o)
 .data          0x0000000000000000        0x0 d:/archivos de programa/microchip/xc8/v2.32/avr/bin/../lib/gcc/avr/5.4.0/../../../../avr/lib/avr5/memx-const\libm.a(fp_zero.o)
 .bss           0x0000000000000000        0x0 d:/archivos de programa/microchip/xc8/v2.32/avr/bin/../lib/gcc/avr/5.4.0/../../../../avr/lib/avr5/memx-const\libm.a(fp_zero.o)
 .stack.descriptors
                0x0000000000000000       0x2f d:/archivos de programa/microchip/xc8/v2.32/avr/bin/../lib/gcc/avr/5.4.0/../../../../avr/lib/avr5/memx-const\libm.a(fp_zero.o)
 .text          0x0000000000000000        0x0 d:/archivos de programa/microchip/xc8/v2.32/avr/bin/../lib/gcc/avr/5.4.0/../../../../avr/lib/avr5/memx-const\libprintf_flt.a(vfprintf_flt.o)
 .data          0x0000000000000000        0x0 d:/archivos de programa/microchip/xc8/v2.32/avr/bin/../lib/gcc/avr/5.4.0/../../../../avr/lib/avr5/memx-const\libprintf_flt.a(vfprintf_flt.o)
 .bss           0x0000000000000000        0x0 d:/archivos de programa/microchip/xc8/v2.32/avr/bin/../lib/gcc/avr/5.4.0/../../../../avr/lib/avr5/memx-const\libprintf_flt.a(vfprintf_flt.o)
 .stack.descriptors
                0x0000000000000000       0x16 d:/archivos de programa/microchip/xc8/v2.32/avr/bin/../lib/gcc/avr/5.4.0/../../../../avr/lib/avr5/memx-const\libprintf_flt.a(vfprintf_flt.o)
 .text          0x0000000000000000        0x0 d:/archivos de programa/microchip/xc8/v2.32/avr/bin/../lib/gcc/avr/5.4.0/avr5/memx-const\libgcc.a(_exit.o)
 .data          0x0000000000000000        0x0 d:/archivos de programa/microchip/xc8/v2.32/avr/bin/../lib/gcc/avr/5.4.0/avr5/memx-const\libgcc.a(_exit.o)
 .bss           0x0000000000000000        0x0 d:/archivos de programa/microchip/xc8/v2.32/avr/bin/../lib/gcc/avr/5.4.0/avr5/memx-const\libgcc.a(_exit.o)
 .text.libgcc.mul
                0x0000000000000000        0x0 d:/archivos de programa/microchip/xc8/v2.32/avr/bin/../lib/gcc/avr/5.4.0/avr5/memx-const\libgcc.a(_exit.o)
 .text.libgcc.div
                0x0000000000000000        0x0 d:/archivos de programa/microchip/xc8/v2.32/avr/bin/../lib/gcc/avr/5.4.0/avr5/memx-const\libgcc.a(_exit.o)
 .text.libgcc   0x0000000000000000        0x0 d:/archivos de programa/microchip/xc8/v2.32/avr/bin/../lib/gcc/avr/5.4.0/avr5/memx-const\libgcc.a(_exit.o)
 .text.libgcc.prologue
                0x0000000000000000        0x0 d:/archivos de programa/microchip/xc8/v2.32/avr/bin/../lib/gcc/avr/5.4.0/avr5/memx-const\libgcc.a(_exit.o)
 .stack.descriptors
                0x0000000000000000       0x13 d:/archivos de programa/microchip/xc8/v2.32/avr/bin/../lib/gcc/avr/5.4.0/avr5/memx-const\libgcc.a(_exit.o)
 .text.libgcc.builtins
                0x0000000000000000        0x0 d:/archivos de programa/microchip/xc8/v2.32/avr/bin/../lib/gcc/avr/5.4.0/avr5/memx-const\libgcc.a(_exit.o)
 .text.libgcc.fmul
                0x0000000000000000        0x0 d:/archivos de programa/microchip/xc8/v2.32/avr/bin/../lib/gcc/avr/5.4.0/avr5/memx-const\libgcc.a(_exit.o)
 .text.libgcc.fixed
                0x0000000000000000        0x0 d:/archivos de programa/microchip/xc8/v2.32/avr/bin/../lib/gcc/avr/5.4.0/avr5/memx-const\libgcc.a(_exit.o)
 .text          0x0000000000000000        0x0 d:/archivos de programa/microchip/xc8/v2.32/avr/bin/../lib/gcc/avr/5.4.0/avr5/memx-const\libgcc.a(_copy_data.o)
 .data          0x0000000000000000        0x0 d:/archivos de programa/microchip/xc8/v2.32/avr/bin/../lib/gcc/avr/5.4.0/avr5/memx-const\libgcc.a(_copy_data.o)
 .bss           0x0000000000000000        0x0 d:/archivos de programa/microchip/xc8/v2.32/avr/bin/../lib/gcc/avr/5.4.0/avr5/memx-const\libgcc.a(_copy_data.o)
 .text.libgcc.mul
                0x0000000000000000        0x0 d:/archivos de programa/microchip/xc8/v2.32/avr/bin/../lib/gcc/avr/5.4.0/avr5/memx-const\libgcc.a(_copy_data.o)
 .text.libgcc.div
                0x0000000000000000        0x0 d:/archivos de programa/microchip/xc8/v2.32/avr/bin/../lib/gcc/avr/5.4.0/avr5/memx-const\libgcc.a(_copy_data.o)
 .text.libgcc   0x0000000000000000        0x0 d:/archivos de programa/microchip/xc8/v2.32/avr/bin/../lib/gcc/avr/5.4.0/avr5/memx-const\libgcc.a(_copy_data.o)
 .text.libgcc.prologue
                0x0000000000000000        0x0 d:/archivos de programa/microchip/xc8/v2.32/avr/bin/../lib/gcc/avr/5.4.0/avr5/memx-const\libgcc.a(_copy_data.o)
 .text.libgcc.builtins
                0x0000000000000000        0x0 d:/archivos de programa/microchip/xc8/v2.32/avr/bin/../lib/gcc/avr/5.4.0/avr5/memx-const\libgcc.a(_copy_data.o)
 .text.libgcc.fmul
                0x0000000000000000        0x0 d:/archivos de programa/microchip/xc8/v2.32/avr/bin/../lib/gcc/avr/5.4.0/avr5/memx-const\libgcc.a(_copy_data.o)
 .text.libgcc.fixed
                0x0000000000000000        0x0 d:/archivos de programa/microchip/xc8/v2.32/avr/bin/../lib/gcc/avr/5.4.0/avr5/memx-const\libgcc.a(_copy_data.o)
 .text          0x0000000000000000        0x0 d:/archivos de programa/microchip/xc8/v2.32/avr/bin/../lib/gcc/avr/5.4.0/avr5/memx-const\libgcc.a(_prologue.o)
 .data          0x0000000000000000        0x0 d:/archivos de programa/microchip/xc8/v2.32/avr/bin/../lib/gcc/avr/5.4.0/avr5/memx-const\libgcc.a(_prologue.o)
 .bss           0x0000000000000000        0x0 d:/archivos de programa/microchip/xc8/v2.32/avr/bin/../lib/gcc/avr/5.4.0/avr5/memx-const\libgcc.a(_prologue.o)
 .text.libgcc.mul
                0x0000000000000000        0x0 d:/archivos de programa/microchip/xc8/v2.32/avr/bin/../lib/gcc/avr/5.4.0/avr5/memx-const\libgcc.a(_prologue.o)
 .text.libgcc.div
                0x0000000000000000        0x0 d:/archivos de programa/microchip/xc8/v2.32/avr/bin/../lib/gcc/avr/5.4.0/avr5/memx-const\libgcc.a(_prologue.o)
 .text.libgcc   0x0000000000000000        0x0 d:/archivos de programa/microchip/xc8/v2.32/avr/bin/../lib/gcc/avr/5.4.0/avr5/memx-const\libgcc.a(_prologue.o)
 .text.libgcc.builtins
                0x0000000000000000        0x0 d:/archivos de programa/microchip/xc8/v2.32/avr/bin/../lib/gcc/avr/5.4.0/avr5/memx-const\libgcc.a(_prologue.o)
 .text.libgcc.fmul
                0x0000000000000000        0x0 d:/archivos de programa/microchip/xc8/v2.32/avr/bin/../lib/gcc/avr/5.4.0/avr5/memx-const\libgcc.a(_prologue.o)
 .text.libgcc.fixed
                0x0000000000000000        0x0 d:/archivos de programa/microchip/xc8/v2.32/avr/bin/../lib/gcc/avr/5.4.0/avr5/memx-const\libgcc.a(_prologue.o)
 .text          0x0000000000000000        0x0 d:/archivos de programa/microchip/xc8/v2.32/avr/bin/../lib/gcc/avr/5.4.0/avr5/memx-const\libgcc.a(_epilogue.o)
 .data          0x0000000000000000        0x0 d:/archivos de programa/microchip/xc8/v2.32/avr/bin/../lib/gcc/avr/5.4.0/avr5/memx-const\libgcc.a(_epilogue.o)
 .bss           0x0000000000000000        0x0 d:/archivos de programa/microchip/xc8/v2.32/avr/bin/../lib/gcc/avr/5.4.0/avr5/memx-const\libgcc.a(_epilogue.o)
 .text.libgcc.mul
                0x0000000000000000        0x0 d:/archivos de programa/microchip/xc8/v2.32/avr/bin/../lib/gcc/avr/5.4.0/avr5/memx-const\libgcc.a(_epilogue.o)
 .text.libgcc.div
                0x0000000000000000        0x0 d:/archivos de programa/microchip/xc8/v2.32/avr/bin/../lib/gcc/avr/5.4.0/avr5/memx-const\libgcc.a(_epilogue.o)
 .text.libgcc   0x0000000000000000        0x0 d:/archivos de programa/microchip/xc8/v2.32/avr/bin/../lib/gcc/avr/5.4.0/avr5/memx-const\libgcc.a(_epilogue.o)
 .text.libgcc.builtins
                0x0000000000000000        0x0 d:/archivos de programa/microchip/xc8/v2.32/avr/bin/../lib/gcc/avr/5.4.0/avr5/memx-const\libgcc.a(_epilogue.o)
 .text.libgcc.fmul
                0x0000000000000000        0x0 d:/archivos de programa/microchip/xc8/v2.32/avr/bin/../lib/gcc/avr/5.4.0/avr5/memx-const\libgcc.a(_epilogue.o)
 .text.libgcc.fixed
                0x0000000000000000        0x0 d:/archivos de programa/microchip/xc8/v2.32/avr/bin/../lib/gcc/avr/5.4.0/avr5/memx-const\libgcc.a(_epilogue.o)
 .text          0x0000000000000000        0x0 d:/archivos de programa/microchip/xc8/v2.32/avr/bin/../lib/gcc/avr/5.4.0/../../../../avr/lib/avr5/memx-const\libc.a(ftoa_engine.o)
 .data          0x0000000000000000        0x0 d:/archivos de programa/microchip/xc8/v2.32/avr/bin/../lib/gcc/avr/5.4.0/../../../../avr/lib/avr5/memx-const\libc.a(ftoa_engine.o)
 .bss           0x0000000000000000        0x0 d:/archivos de programa/microchip/xc8/v2.32/avr/bin/../lib/gcc/avr/5.4.0/../../../../avr/lib/avr5/memx-const\libc.a(ftoa_engine.o)
 .stack.descriptors
                0x0000000000000000       0x1b d:/archivos de programa/microchip/xc8/v2.32/avr/bin/../lib/gcc/avr/5.4.0/../../../../avr/lib/avr5/memx-const\libc.a(ftoa_engine.o)
 .text          0x0000000000000000        0x0 d:/archivos de programa/microchip/xc8/v2.32/avr/bin/../lib/gcc/avr/5.4.0/../../../../avr/lib/avr5/memx-const\libc.a(strnlen_M.o)
 .data          0x0000000000000000        0x0 d:/archivos de programa/microchip/xc8/v2.32/avr/bin/../lib/gcc/avr/5.4.0/../../../../avr/lib/avr5/memx-const\libc.a(strnlen_M.o)
 .bss           0x0000000000000000        0x0 d:/archivos de programa/microchip/xc8/v2.32/avr/bin/../lib/gcc/avr/5.4.0/../../../../avr/lib/avr5/memx-const\libc.a(strnlen_M.o)
 .stack.descriptors
                0x0000000000000000       0x15 d:/archivos de programa/microchip/xc8/v2.32/avr/bin/../lib/gcc/avr/5.4.0/../../../../avr/lib/avr5/memx-const\libc.a(strnlen_M.o)
 .text          0x0000000000000000        0x0 d:/archivos de programa/microchip/xc8/v2.32/avr/bin/../lib/gcc/avr/5.4.0/../../../../avr/lib/avr5/memx-const\libc.a(fputc.o)
 .data          0x0000000000000000        0x0 d:/archivos de programa/microchip/xc8/v2.32/avr/bin/../lib/gcc/avr/5.4.0/../../../../avr/lib/avr5/memx-const\libc.a(fputc.o)
 .bss           0x0000000000000000        0x0 d:/archivos de programa/microchip/xc8/v2.32/avr/bin/../lib/gcc/avr/5.4.0/../../../../avr/lib/avr5/memx-const\libc.a(fputc.o)
 .stack.descriptors
                0x0000000000000000       0x13 d:/archivos de programa/microchip/xc8/v2.32/avr/bin/../lib/gcc/avr/5.4.0/../../../../avr/lib/avr5/memx-const\libc.a(fputc.o)
 .text          0x0000000000000000        0x0 d:/archivos de programa/microchip/xc8/v2.32/avr/bin/../lib/gcc/avr/5.4.0/../../../../avr/lib/avr5/memx-const\libc.a(sprintf.o)
 .data          0x0000000000000000        0x0 d:/archivos de programa/microchip/xc8/v2.32/avr/bin/../lib/gcc/avr/5.4.0/../../../../avr/lib/avr5/memx-const\libc.a(sprintf.o)
 .bss           0x0000000000000000        0x0 d:/archivos de programa/microchip/xc8/v2.32/avr/bin/../lib/gcc/avr/5.4.0/../../../../avr/lib/avr5/memx-const\libc.a(sprintf.o)
 .stack.descriptors
                0x0000000000000000       0x15 d:/archivos de programa/microchip/xc8/v2.32/avr/bin/../lib/gcc/avr/5.4.0/../../../../avr/lib/avr5/memx-const\libc.a(sprintf.o)
 .text          0x0000000000000000        0x0 d:/archivos de programa/microchip/xc8/v2.32/avr/bin/../lib/gcc/avr/5.4.0/../../../../avr/lib/avr5/memx-const\libc.a(ultoa_invert.o)
 .data          0x0000000000000000        0x0 d:/archivos de programa/microchip/xc8/v2.32/avr/bin/../lib/gcc/avr/5.4.0/../../../../avr/lib/avr5/memx-const\libc.a(ultoa_invert.o)
 .bss           0x0000000000000000        0x0 d:/archivos de programa/microchip/xc8/v2.32/avr/bin/../lib/gcc/avr/5.4.0/../../../../avr/lib/avr5/memx-const\libc.a(ultoa_invert.o)
 .stack.descriptors
                0x0000000000000000       0x1c d:/archivos de programa/microchip/xc8/v2.32/avr/bin/../lib/gcc/avr/5.4.0/../../../../avr/lib/avr5/memx-const\libc.a(ultoa_invert.o)

Memory Configuration

Name             Origin             Length             Attributes
text             0x0000000000000000 0x0000000000008000 xr
data             0x0000000000800100 0x0000000000000800 rw !x
eeprom           0x0000000000810000 0x0000000000000400 rw !x
fuse             0x0000000000820000 0x0000000000000003 rw !x
lock             0x0000000000830000 0x0000000000000400 rw !x
signature        0x0000000000840000 0x0000000000000400 rw !x
user_signatures  0x0000000000850000 0x0000000000000400 rw !x
*default*        0x0000000000000000 0xffffffffffffffff

Linker script and memory map

Address of section .data set to 0x800100
LOAD D:/archivos de programa/Atmel/Studio/7.0/Packs/atmel/ATmega_DFP/1.6.364/xc8/avr/lib/avr5/memx-const/crtatmega328p.o
LOAD main.o
LOAD UART.o
START GROUP
LOAD d:/archivos de programa/microchip/xc8/v2.32/avr/bin/../lib/gcc/avr/5.4.0/../../../../avr/lib/avr5/memx-const\libm.a
END GROUP
LOAD d:/archivos de programa/microchip/xc8/v2.32/avr/bin/../lib/gcc/avr/5.4.0/../../../../avr/lib/avr5/memx-const\libprintf_flt.a
LOAD d:/archivos de programa/microchip/xc8/v2.32/avr/bin/../lib/gcc/avr/5.4.0/../../../../avr/lib/avr5/memx-const\libm.a
START GROUP
LOAD d:/archivos de programa/microchip/xc8/v2.32/avr/bin/../lib/gcc/avr/5.4.0/avr5/memx-const\libgcc.a
LOAD d:/archivos de programa/microchip/xc8/v2.32/avr/bin/../lib/gcc/avr/5.4.0/../../../../avr/lib/avr5/memx-const\libm.a
LOAD d:/archivos de programa/microchip/xc8/v2.32/avr/bin/../lib/gcc/avr/5.4.0/../../../../avr/lib/avr5/memx-const\libc.a
LOAD D:/archivos de programa/Atmel/Studio/7.0/Packs/atmel/ATmega_DFP/1.6.364/xc8/avr/lib/avr5/memx-const\libatmega328p.a
END GROUP
                0x0000000000000000                __TEXT_REGION_ORIGIN__ = DEFINED (__TEXT_REGION_ORIGIN__)?__TEXT_REGION_ORIGIN__:0x0
                [0x0000000000800100]                __DATA_REGION_ORIGIN__ = DEFINED (__DATA_REGION_ORIGIN__)?__DATA_REGION_ORIGIN__:0x800060
                [0x0000000000008000]                __TEXT_REGION_LENGTH__ = DEFINED (__TEXT_REGION_LENGTH__)?__TEXT_REGION_LENGTH__:0x20000
                [0x0000000000000800]                __DATA_REGION_LENGTH__ = DEFINED (__DATA_REGION_LENGTH__)?__DATA_REGION_LENGTH__:0xffa0
                [0x0000000000000400]                __EEPROM_REGION_LENGTH__ = DEFINED (__EEPROM_REGION_LENGTH__)?__EEPROM_REGION_LENGTH__:0x10000
                [0x0000000000000003]                __FUSE_REGION_LENGTH__ = DEFINED (__FUSE_REGION_LENGTH__)?__FUSE_REGION_LENGTH__:0x400
                0x0000000000000400                __LOCK_REGION_LENGTH__ = DEFINED (__LOCK_REGION_LENGTH__)?__LOCK_REGION_LENGTH__:0x400
                0x0000000000000400                __SIGNATURE_REGION_LENGTH__ = DEFINED (__SIGNATURE_REGION_LENGTH__)?__SIGNATURE_REGION_LENGTH__:0x400
                0x0000000000000400                __USER_SIGNATURE_REGION_LENGTH__ = DEFINED (__USER_SIGNATURE_REGION_LENGTH__)?__USER_SIGNATURE_REGION_LENGTH__:0x400

.hash
 *(.hash)

.dynsym
 *(.dynsym)

.dynstr
 *(.dynstr)

.gnu.version
 *(.gnu.version)

.gnu.version_d
 *(.gnu.version_d)

.gnu.version_r
 *(.gnu.version_r)

.rel.init
 *(.rel.init)

.rela.init
 *(.rela.init)

.rel.text
 *(.rel.text)
 *(.rel.text.*)
 *(.rel.gnu.linkonce.t*)

.rela.text
 *(.rela.text)
 *(.rela.text.*)
 *(.rela.gnu.linkonce.t*)

.rel.fini
 *(.rel.fini)

.rela.fini
 *(.rela.fini)

.rel.rodata
 *(.rel.rodata)
 *(.rel.rodata.*)
 *(.rel.gnu.linkonce.r*)

.rela.rodata
 *(.rela.rodata)
 *(.rela.rodata.*)
 *(.rela.gnu.linkonce.r*)

.rel.data
 *(.rel.data)
 *(.rel.data.*)
 *(.rel.gnu.linkonce.d*)

.rela.data
 *(.rela.data)
 *(.rela.data.*)
 *(.rela.gnu.linkonce.d*)

.rel.ctors
 *(.rel.ctors)

.rela.ctors
 *(.rela.ctors)

.rel.dtors
 *(.rel.dtors)

.rela.dtors
 *(.rela.dtors)

.rel.got
 *(.rel.got)

.rela.got
 *(.rela.got)

.rel.bss
 *(.rel.bss)

.rela.bss
 *(.rela.bss)

.rel.plt
 *(.rel.plt)

.rela.plt
 *(.rela.plt)

.text           0x0000000000000000      0x1bc
 *(.vectors)
 .vectors       0x0000000000000000       0x68 D:/archivos de programa/Atmel/Studio/7.0/Packs/atmel/ATmega_DFP/1.6.364/xc8/avr/lib/avr5/memx-const/crtatmega328p.o
                0x0000000000000000                __vector_default
                0x0000000000000000                __vectors
 *(.vectors)
 *(.progmem.gcc*)
 *(.dinit)
 .dinit         0x0000000000000068        0x5 data_init
                0x000000000000006e                . = ALIGN (0x2)
 *fill*         0x000000000000006d        0x1 
                0x000000000000006e                __trampolines_start = .
 *(.trampolines)
 .trampolines   0x000000000000006e        0x0 linker stubs
 *(.trampolines*)
                0x000000000000006e                __trampolines_end = .
 *libprintf_flt.a:*(.progmem.data)
 *libc.a:*(.progmem.data)
 .progmem.data  0x000000000000006e       0xfa d:/archivos de programa/microchip/xc8/v2.32/avr/bin/../lib/gcc/avr/5.4.0/../../../../avr/lib/avr5/memx-const\libc.a(ftoa_engine.o)
                0x0000000000000168                . = ALIGN (0x2)
 *(.jumptables)
 *(.jumptables*)
 *(.lowtext)
 *(.lowtext*)
                0x0000000000000168                __ctors_start = .
 *(.ctors)
                0x0000000000000168                __ctors_end = .
                0x0000000000000168                __dtors_start = .
 *(.dtors)
                0x0000000000000168                __dtors_end = .
 SORT(*)(.ctors)
 SORT(*)(.dtors)
 *(.init0)
 .init0         0x0000000000000168        0x0 D:/archivos de programa/Atmel/Studio/7.0/Packs/atmel/ATmega_DFP/1.6.364/xc8/avr/lib/avr5/memx-const/crtatmega328p.o
                0x0000000000000168                __init
 *(.init0)
 *(.init1)
 *(.init1)
 *(.init2)
 .init2         0x0000000000000168        0xc D:/archivos de programa/Atmel/Studio/7.0/Packs/atmel/ATmega_DFP/1.6.364/xc8/avr/lib/avr5/memx-const/crtatmega328p.o
 *(.init2)
 *(.init3)
 *(.init3)
 *(.init4)
 .init4         0x0000000000000174       0x3c d:/archivos de programa/microchip/xc8/v2.32/avr/bin/../lib/gcc/avr/5.4.0/avr5/memx-const\libgcc.a(_copy_data.o)
                0x0000000000000174                __do_copy_data
                0x00000000000001a2                __do_clear_bss
 *(.init4)
 *(.init5)
 *(.init5)
 *(.init6)
 *(.init6)
 *(.init7)
 *(.init7)
 *(.init8)
 *(.init8)
 *(.init9)
 .init9         0x00000000000001b0        0x8 D:/archivos de programa/Atmel/Studio/7.0/Packs/atmel/ATmega_DFP/1.6.364/xc8/avr/lib/avr5/memx-const/crtatmega328p.o
 *(.init9)
                0x00000000000001b8                . = ALIGN (0x2)
 *(.fini9)
 .fini9         0x00000000000001b8        0x0 d:/archivos de programa/microchip/xc8/v2.32/avr/bin/../lib/gcc/avr/5.4.0/avr5/memx-const\libgcc.a(_exit.o)
                0x00000000000001b8                _exit
                0x00000000000001b8                exit
 *(.fini9)
 *(.fini8)
 *(.fini8)
 *(.fini7)
 *(.fini7)
 *(.fini6)
 *(.fini6)
 *(.fini5)
 *(.fini5)
 *(.fini4)
 *(.fini4)
 *(.fini3)
 *(.fini3)
 *(.fini2)
 *(.fini2)
 *(.fini1)
 *(.fini1)
 *(.fini0)
 .fini0         0x00000000000001b8        0x4 d:/archivos de programa/microchip/xc8/v2.32/avr/bin/../lib/gcc/avr/5.4.0/avr5/memx-const\libgcc.a(_exit.o)
 *(.fini0)
                0x00000000000001bc                _etext = .

.data           0x0000000000800100        0x0 load address 0x00000000000001bc
                [!provide]                        PROVIDE (__data_start, .)
 *(.gnu.linkonce.d*)
 *(.gnu.linkonce.r*)
                0x0000000000800100                . = ALIGN (0x2)
                0x0000000000800100                _edata = .
                [!provide]                        PROVIDE (__data_end, .)

.bss            0x0000000000800100       0x3e
                [!provide]                        PROVIDE (__bss_start, .)
 *(COMMON)
 COMMON         0x0000000000800100       0x3e main.o
                0x0000000000800100                temp
                0x0000000000800104                data
                0x0000000000800106                txBuffer
                0x0000000000800138                volt
                0x000000000080013c                len
                [!provide]                        PROVIDE (__bss_end, .)
                0x00000000000001bc                __data_load_start = LOADADDR (.data)
                0x00000000000001bc                __data_load_end = (__data_load_start + SIZEOF (.data))

.noinit         0x000000000080013e        0x0
                [!provide]                        PROVIDE (__noinit_start, .)
 *(.noinit*)
                [!provide]                        PROVIDE (__noinit_end, .)
                0x000000000080013e                _end = .

.eeprom         0x0000000000810000        0x0
 *(.eeprom*)
                0x0000000000810000                __eeprom_end = .

.fuse
 *(.fuse)
 *(.lfuse)
 *(.hfuse)
 *(.efuse)

.lock
 *(.lock*)

.signature
 *(.signature*)

.user_signatures
 *(.user_signatures*)

.stab
 *(.stab)

.stabstr
 *(.stabstr)

.stab.excl
 *(.stab.excl)

.stab.exclstr
 *(.stab.exclstr)

.stab.index
 *(.stab.index)

.stab.indexstr
 *(.stab.indexstr)

.comment        0x0000000000000000       0x5b
 *(.comment)
 .comment       0x0000000000000000       0x2f main.o
                                         0x30 (size before relaxing)
 .comment       0x000000000000002f       0x30 UART.o
 .comment       0x000000000000002f       0x2c d:/archivos de programa/microchip/xc8/v2.32/avr/bin/../lib/gcc/avr/5.4.0/../../../../avr/lib/avr5/memx-const\libprintf_flt.a(vfprintf_flt.o)
                                         0x2d (size before relaxing)
 .comment       0x000000000000005b       0x2d d:/archivos de programa/microchip/xc8/v2.32/avr/bin/../lib/gcc/avr/5.4.0/../../../../avr/lib/avr5/memx-const\libc.a(strnlen_M.o)
 .comment       0x000000000000005b       0x2d d:/archivos de programa/microchip/xc8/v2.32/avr/bin/../lib/gcc/avr/5.4.0/../../../../avr/lib/avr5/memx-const\libc.a(fputc.o)
 .comment       0x000000000000005b       0x2d d:/archivos de programa/microchip/xc8/v2.32/avr/bin/../lib/gcc/avr/5.4.0/../../../../avr/lib/avr5/memx-const\libc.a(sprintf.o)

.stack.descriptors.hdr
                0x0000000000000000      0x10a
 .stack.descriptors.hdr
                0x0000000000000000        0xe d:/archivos de programa/microchip/xc8/v2.32/avr/bin/../lib/gcc/avr/5.4.0/../../../../avr/lib/avr5/memx-const\libm.a(floatsisf.o)
 .stack.descriptors.hdr
                0x000000000000000e        0xe d:/archivos de programa/microchip/xc8/v2.32/avr/bin/../lib/gcc/avr/5.4.0/../../../../avr/lib/avr5/memx-const\libm.a(gesf2.o)
 .stack.descriptors.hdr
                0x000000000000001c        0xe d:/archivos de programa/microchip/xc8/v2.32/avr/bin/../lib/gcc/avr/5.4.0/../../../../avr/lib/avr5/memx-const\libm.a(mulsf3.o)
 .stack.descriptors.hdr
                0x000000000000002a        0xe d:/archivos de programa/microchip/xc8/v2.32/avr/bin/../lib/gcc/avr/5.4.0/../../../../avr/lib/avr5/memx-const\libm.a(mulsf3x.o)
 .stack.descriptors.hdr
                0x0000000000000038        0xe d:/archivos de programa/microchip/xc8/v2.32/avr/bin/../lib/gcc/avr/5.4.0/../../../../avr/lib/avr5/memx-const\libm.a(fp_cmp.o)
 .stack.descriptors.hdr
                0x0000000000000046        0xe d:/archivos de programa/microchip/xc8/v2.32/avr/bin/../lib/gcc/avr/5.4.0/../../../../avr/lib/avr5/memx-const\libm.a(fp_inf.o)
 .stack.descriptors.hdr
                0x0000000000000054        0xe d:/archivos de programa/microchip/xc8/v2.32/avr/bin/../lib/gcc/avr/5.4.0/../../../../avr/lib/avr5/memx-const\libm.a(fp_nan.o)
 .stack.descriptors.hdr
                0x0000000000000062        0xe d:/archivos de programa/microchip/xc8/v2.32/avr/bin/../lib/gcc/avr/5.4.0/../../../../avr/lib/avr5/memx-const\libm.a(fp_pscA.o)
 .stack.descriptors.hdr
                0x0000000000000070        0xe d:/archivos de programa/microchip/xc8/v2.32/avr/bin/../lib/gcc/avr/5.4.0/../../../../avr/lib/avr5/memx-const\libm.a(fp_pscB.o)
 .stack.descriptors.hdr
                0x000000000000007e        0xe d:/archivos de programa/microchip/xc8/v2.32/avr/bin/../lib/gcc/avr/5.4.0/../../../../avr/lib/avr5/memx-const\libm.a(fp_round.o)
 .stack.descriptors.hdr
                0x000000000000008c        0xe d:/archivos de programa/microchip/xc8/v2.32/avr/bin/../lib/gcc/avr/5.4.0/../../../../avr/lib/avr5/memx-const\libm.a(fp_split3.o)
 .stack.descriptors.hdr
                0x000000000000009a        0xe d:/archivos de programa/microchip/xc8/v2.32/avr/bin/../lib/gcc/avr/5.4.0/../../../../avr/lib/avr5/memx-const\libm.a(fp_zero.o)
 .stack.descriptors.hdr
                0x00000000000000a8        0xe d:/archivos de programa/microchip/xc8/v2.32/avr/bin/../lib/gcc/avr/5.4.0/../../../../avr/lib/avr5/memx-const\libprintf_flt.a(vfprintf_flt.o)
 .stack.descriptors.hdr
                0x00000000000000b6        0xe d:/archivos de programa/microchip/xc8/v2.32/avr/bin/../lib/gcc/avr/5.4.0/avr5/memx-const\libgcc.a(_exit.o)
 .stack.descriptors.hdr
                0x00000000000000c4        0xe d:/archivos de programa/microchip/xc8/v2.32/avr/bin/../lib/gcc/avr/5.4.0/../../../../avr/lib/avr5/memx-const\libc.a(ftoa_engine.o)
 .stack.descriptors.hdr
                0x00000000000000d2        0xe d:/archivos de programa/microchip/xc8/v2.32/avr/bin/../lib/gcc/avr/5.4.0/../../../../avr/lib/avr5/memx-const\libc.a(strnlen_M.o)
 .stack.descriptors.hdr
                0x00000000000000e0        0xe d:/archivos de programa/microchip/xc8/v2.32/avr/bin/../lib/gcc/avr/5.4.0/../../../../avr/lib/avr5/memx-const\libc.a(fputc.o)
 .stack.descriptors.hdr
                0x00000000000000ee        0xe d:/archivos de programa/microchip/xc8/v2.32/avr/bin/../lib/gcc/avr/5.4.0/../../../../avr/lib/avr5/memx-const\libc.a(sprintf.o)
 .stack.descriptors.hdr
                0x00000000000000fc        0xe d:/archivos de programa/microchip/xc8/v2.32/avr/bin/../lib/gcc/avr/5.4.0/../../../../avr/lib/avr5/memx-const\libc.a(ultoa_invert.o)

.note.gnu.build-id
 *(.note.gnu.build-id)

.debug
 *(.debug)

.line
 *(.line)

.debug_srcinfo
 *(.debug_srcinfo)

.debug_sfnames
 *(.debug_sfnames)

.debug_aranges  0x0000000000000000       0x68
 *(.debug_aranges)
 .debug_aranges
                0x0000000000000000       0x30 main.o
 .debug_aranges
                0x0000000000000030       0x38 UART.o

.debug_pubnames
 *(.debug_pubnames)

.debug_info     0x0000000000000000      0xd58
 *(.debug_info .gnu.linkonce.wi.*)
 .debug_info    0x0000000000000000      0x5f4 D:/archivos de programa/Atmel/Studio/7.0/Packs/atmel/ATmega_DFP/1.6.364/xc8/avr/lib/avr5/memx-const/crtatmega328p.o
 .debug_info    0x00000000000005f4      0x3fb main.o
 .debug_info    0x00000000000009ef      0x369 UART.o

.debug_abbrev   0x0000000000000000      0x774
 *(.debug_abbrev)
 .debug_abbrev  0x0000000000000000      0x5a2 D:/archivos de programa/Atmel/Studio/7.0/Packs/atmel/ATmega_DFP/1.6.364/xc8/avr/lib/avr5/memx-const/crtatmega328p.o
 .debug_abbrev  0x00000000000005a2      0x115 main.o
 .debug_abbrev  0x00000000000006b7       0xbd UART.o

.debug_line     0x0000000000000000      0x3fa
 *(.debug_line .debug_line.* .debug_line_end)
 .debug_line    0x0000000000000000      0x137 D:/archivos de programa/Atmel/Studio/7.0/Packs/atmel/ATmega_DFP/1.6.364/xc8/avr/lib/avr5/memx-const/crtatmega328p.o
 .debug_line    0x0000000000000137      0x18c main.o
 .debug_line    0x00000000000002c3      0x137 UART.o

.debug_frame    0x0000000000000000       0xec
 *(.debug_frame)
 .debug_frame   0x0000000000000000       0x84 main.o
 .debug_frame   0x0000000000000084       0x68 UART.o

.debug_str      0x0000000000000000      0x208
 *(.debug_str)
 .debug_str     0x0000000000000000      0x208 D:/archivos de programa/Atmel/Studio/7.0/Packs/atmel/ATmega_DFP/1.6.364/xc8/avr/lib/avr5/memx-const/crtatmega328p.o
 .debug_str     0x0000000000000208        0x0 main.o
 .debug_str     0x0000000000000208        0x0 UART.o

.debug_loc      0x0000000000000000      0x29a
 *(.debug_loc)
 .debug_loc     0x0000000000000000      0x147 main.o
 .debug_loc     0x0000000000000147      0x153 UART.o

.debug_macinfo
 *(.debug_macinfo)

.debug_weaknames
 *(.debug_weaknames)

.debug_funcnames
 *(.debug_funcnames)

.debug_typenames
 *(.debug_typenames)

.debug_varnames
 *(.debug_varnames)

.debug_pubtypes
 *(.debug_pubtypes)

.debug_ranges   0x0000000000000000       0x48
 *(.debug_ranges)
 .debug_ranges  0x0000000000000000       0x20 main.o
 .debug_ranges  0x0000000000000020       0x28 UART.o

.debug_macro
 *(.debug_macro)
OUTPUT(ADC.elf elf32-avr)
LOAD linker stubs
LOAD data_init

.note.gnu.avr.deviceinfo
                0x0000000000000000       0x40
 .note.gnu.avr.deviceinfo
                0x0000000000000000       0x40 D:/archivos de programa/Atmel/Studio/7.0/Packs/atmel/ATmega_DFP/1.6.364/xc8/avr/lib/avr5/memx-const/crtatmega328p.o

.progmemx.data  0x00000000000001bc       0x2e
 .progmemx.data
                0x00000000000001bc       0x2e main.o

.progmemx.data  0x00000000000001ea        0x8
 .progmemx.data
                0x00000000000001ea        0x8 d:/archivos de programa/microchip/xc8/v2.32/avr/bin/../lib/gcc/avr/5.4.0/../../../../avr/lib/avr5/memx-const\libprintf_flt.a(vfprintf_flt.o)

.text.avrlibc   0x00000000000001f2      0x744
 .text.avrlibc  0x00000000000001f2      0x744 d:/archivos de programa/microchip/xc8/v2.32/avr/bin/../lib/gcc/avr/5.4.0/../../../../avr/lib/avr5/memx-const\libprintf_flt.a(vfprintf_flt.o)
                0x00000000000001f2                vfprintf

.text.avrlibc   0x0000000000000936      0x1b0
 .text.avrlibc  0x0000000000000936      0x1b0 d:/archivos de programa/microchip/xc8/v2.32/avr/bin/../lib/gcc/avr/5.4.0/../../../../avr/lib/avr5/memx-const\libc.a(ftoa_engine.o)
                0x0000000000000936                __ftoa_engine

.text.main      0x0000000000000ae6      0x15a
 .text.main     0x0000000000000ae6      0x15a main.o
                0x0000000000000ae6                main

.text.avrlibc.fplib
                0x0000000000000c40       0xd4
 .text.avrlibc.fplib
                0x0000000000000c40       0xd4 d:/archivos de programa/microchip/xc8/v2.32/avr/bin/../lib/gcc/avr/5.4.0/../../../../avr/lib/avr5/memx-const\libm.a(mulsf3x.o)
                0x0000000000000c40                __mulsf3x
                0x0000000000000c66                __mulsf3_pse

.text.avrlibc   0x0000000000000d14       0xbc
 .text.avrlibc  0x0000000000000d14       0xbc d:/archivos de programa/microchip/xc8/v2.32/avr/bin/../lib/gcc/avr/5.4.0/../../../../avr/lib/avr5/memx-const\libc.a(ultoa_invert.o)
                0x0000000000000d14                __ultoa_invert

.text.avrlibc.fplib
                0x0000000000000dd0       0x7a
 .text.avrlibc.fplib
                0x0000000000000dd0       0x7a d:/archivos de programa/microchip/xc8/v2.32/avr/bin/../lib/gcc/avr/5.4.0/../../../../avr/lib/avr5/memx-const\libm.a(floatsisf.o)
                0x0000000000000dd0                __floatunsisf
                0x0000000000000dd4                __floatsisf

.text.avrlibc   0x0000000000000e4a       0x78
 .text.avrlibc  0x0000000000000e4a       0x78 d:/archivos de programa/microchip/xc8/v2.32/avr/bin/../lib/gcc/avr/5.4.0/../../../../avr/lib/avr5/memx-const\libc.a(fputc.o)
                0x0000000000000e4a                fputc

.text.UART_Config
                0x0000000000000ec2       0x4e
 .text.UART_Config
                0x0000000000000ec2       0x4e UART.o
                0x0000000000000ec2                UART_Config

.text.avrlibc.fplib
                0x0000000000000f10       0x48
 .text.avrlibc.fplib
                0x0000000000000f10       0x48 d:/archivos de programa/microchip/xc8/v2.32/avr/bin/../lib/gcc/avr/5.4.0/../../../../avr/lib/avr5/memx-const\libm.a(fp_cmp.o)
                0x0000000000000f10                __fp_cmp

.text.avrlibc   0x0000000000000f58       0x46
 .text.avrlibc  0x0000000000000f58       0x46 d:/archivos de programa/microchip/xc8/v2.32/avr/bin/../lib/gcc/avr/5.4.0/../../../../avr/lib/avr5/memx-const\libc.a(sprintf.o)
                0x0000000000000f58                sprintf

.text.avrlibc.fplib
                0x0000000000000f9e       0x44
 .text.avrlibc.fplib
                0x0000000000000f9e       0x44 d:/archivos de programa/microchip/xc8/v2.32/avr/bin/../lib/gcc/avr/5.4.0/../../../../avr/lib/avr5/memx-const\libm.a(fp_split3.o)
                0x0000000000000f9e                __fp_split3
                0x0000000000000fae                __fp_splitA

.text.libgcc.prologue
                0x0000000000000fe2       0x38
 .text.libgcc.prologue
                0x0000000000000fe2       0x38 d:/archivos de programa/microchip/xc8/v2.32/avr/bin/../lib/gcc/avr/5.4.0/avr5/memx-const\libgcc.a(_prologue.o)
                0x0000000000000fe2                __prologue_saves__

.text.libgcc.prologue
                0x000000000000101a       0x36
 .text.libgcc.prologue
                0x000000000000101a       0x36 d:/archivos de programa/microchip/xc8/v2.32/avr/bin/../lib/gcc/avr/5.4.0/avr5/memx-const\libgcc.a(_epilogue.o)
                0x000000000000101a                __epilogue_restores__

.text.avrlibc   0x0000000000001050       0x36
 .text.avrlibc  0x0000000000001050       0x36 d:/archivos de programa/microchip/xc8/v2.32/avr/bin/../lib/gcc/avr/5.4.0/../../../../avr/lib/avr5/memx-const\libc.a(strnlen_M.o)
                0x0000000000001050                strnlen

.text.ADC_Read  0x0000000000001086       0x2c
 .text.ADC_Read
                0x0000000000001086       0x2c main.o
                0x0000000000001086                ADC_Read

.text.UART_SendData
                0x00000000000010b2       0x28
 .text.UART_SendData
                0x00000000000010b2       0x28 UART.o
                0x00000000000010b2                UART_SendData

.text.ADC_SingleConversion
                0x00000000000010da       0x22
 .text.ADC_SingleConversion
                0x00000000000010da       0x22 main.o
                0x00000000000010da                ADC_SingleConversion

.text.avrlibc.fplib
                0x00000000000010fc       0x22
 .text.avrlibc.fplib
                0x00000000000010fc       0x22 d:/archivos de programa/microchip/xc8/v2.32/avr/bin/../lib/gcc/avr/5.4.0/../../../../avr/lib/avr5/memx-const\libm.a(fp_round.o)
                0x00000000000010fc                __fp_round

.text.UART_Transmit
                0x000000000000111e        0xe
 .text.UART_Transmit
                0x000000000000111e        0xe UART.o
                0x000000000000111e                UART_Transmit

.text.avrlibc.fplib
                0x000000000000112c        0xe
 .text.avrlibc.fplib
                0x000000000000112c        0xe d:/archivos de programa/microchip/xc8/v2.32/avr/bin/../lib/gcc/avr/5.4.0/../../../../avr/lib/avr5/memx-const\libm.a(fp_pscA.o)
                0x000000000000112c                __fp_pscA

.text.avrlibc.fplib
                0x000000000000113a        0xe
 .text.avrlibc.fplib
                0x000000000000113a        0xe d:/archivos de programa/microchip/xc8/v2.32/avr/bin/../lib/gcc/avr/5.4.0/../../../../avr/lib/avr5/memx-const\libm.a(fp_pscB.o)
                0x000000000000113a                __fp_pscB

.text.avrlibc.fplib
                0x0000000000001148        0xe
 .text.avrlibc.fplib
                0x0000000000001148        0xe d:/archivos de programa/microchip/xc8/v2.32/avr/bin/../lib/gcc/avr/5.4.0/../../../../avr/lib/avr5/memx-const\libm.a(fp_zero.o)
                0x0000000000001148                __fp_zero
                0x000000000000114a                __fp_szero

.text.avrlibc.fplib
                0x0000000000001156        0xc
 .text.avrlibc.fplib
                0x0000000000001156        0xc d:/archivos de programa/microchip/xc8/v2.32/avr/bin/../lib/gcc/avr/5.4.0/../../../../avr/lib/avr5/memx-const\libm.a(fp_inf.o)
                0x0000000000001156                __fp_inf

.text.avrlibc.fplib
                0x0000000000001162        0xa
 .text.avrlibc.fplib
                0x0000000000001162        0xa d:/archivos de programa/microchip/xc8/v2.32/avr/bin/../lib/gcc/avr/5.4.0/../../../../avr/lib/avr5/memx-const\libm.a(gesf2.o)
                0x0000000000001162                __gesf2
                0x0000000000001162                __gtsf2

.text.avrlibc.fplib
                0x000000000000116c        0x8
 .text.avrlibc.fplib
                0x000000000000116c        0x8 d:/archivos de programa/microchip/xc8/v2.32/avr/bin/../lib/gcc/avr/5.4.0/../../../../avr/lib/avr5/memx-const\libm.a(mulsf3.o)
                0x000000000000116c                __mulsf3

.text.avrlibc.fplib
                0x0000000000001174        0x6
 .text.avrlibc.fplib
                0x0000000000001174        0x6 d:/archivos de programa/microchip/xc8/v2.32/avr/bin/../lib/gcc/avr/5.4.0/../../../../avr/lib/avr5/memx-const\libm.a(fp_nan.o)
                0x0000000000001174                __fp_nan

.text           0x000000000000117a        0x4
 .text          0x000000000000117a        0x4 D:/archivos de programa/Atmel/Studio/7.0/Packs/atmel/ATmega_DFP/1.6.364/xc8/avr/lib/avr5/memx-const/crtatmega328p.o
                0x000000000000117a                __vector_22
                0x000000000000117a                __vector_1
                0x000000000000117a                __vector_24
                0x000000000000117a                __vector_12
                0x000000000000117a                __bad_interrupt
                0x000000000000117a                __vector_6
                0x000000000000117a                __vector_3
                0x000000000000117a                __vector_23
                0x000000000000117a                __vector_25
                0x000000000000117a                __vector_11
                0x000000000000117a                __vector_13
                0x000000000000117a                __vector_17
                0x000000000000117a                __vector_19
                0x000000000000117a                __vector_7
                0x000000000000117a                __vector_5
                0x000000000000117a                __vector_4
                0x000000000000117a                __vector_9
                0x000000000000117a                __vector_2
                0x000000000000117a                __vector_21
                0x000000000000117a                __vector_15
                0x000000000000117a                __vector_8
                0x000000000000117a                __vector_14
                0x000000000000117a                __vector_10
                0x000000000000117a                __vector_16
                0x000000000000117a                __vector_18
                0x000000000000117a                __vector_20
